[backblue.gif]
[fade.gif]
[index.html]
[connect.facebook.net/en_US/fbevents.js]
[www.liberalalliance.dk/wp-content/uploads/2015/02/LAFT14_ftm_joachim_b_olsen_1043-kopi.jpg]
[www.liberalalliance.dk/wp-content/uploads/2015/01/LA-favi.png]
[www.liberalalliance.dk/wp-content/uploads/2015/01/15137502594_da6a39721c_o-e1423745225659.png]
[www.liberalalliance.dk/emne/joachim-b-olsen/feed/index.html]
[www.liberalalliance.dk/wp-includes/js/jquery/jqueryb8ff.js]
[www.liberalalliance.dk/wp-includes/js/jquery/jquery-migrate.min330a.js]
[www.liberalalliance.dk/wp-content/plugins/flow-flow/js/require-utils2a45.js]
[www.liberalalliance.dk/wp-content/themes/jupiter4.4.5/js/head-scripts6959.js]
[platform-api.sharethis.com/js/sharethis.js]
[www.liberalalliance.dk/wp-content/uploads/2015/02/cropped-LA_cirkel_blaa_pa_hvid-32x32.jpg]
[www.liberalalliance.dk/wp-content/uploads/2015/02/cropped-LA_cirkel_blaa_pa_hvid-192x192.jpg]
[www.liberalalliance.dk/wp-content/uploads/2015/02/cropped-LA_cirkel_blaa_pa_hvid-180x180.jpg]
[www.liberalalliance.dk/wp-content/uploads/2017/01/LAicon_blaa_300dpi-kopi5.png]
[www.liberalalliance.dk/wp-content/uploads/2015/02/FB-f-Logo__blue_50.png]
[www.google-analytics.com/analytics.js]
[www.liberalalliance.dk/wp-content/plugins/contact-form-7/includes/js/scripts5597.js]
[www.liberalalliance.dk/wp-content/plugins/cookie-notice/js/front.minc12f.js]
[www.liberalalliance.dk/wp-includes/js/jquery/ui/core.mine899.js]
[www.liberalalliance.dk/wp-includes/js/jquery/ui/widget.mine899.js]
[www.liberalalliance.dk/wp-includes/js/jquery/ui/tabs.mine899.js]
[www.liberalalliance.dk/wp-includes/js/comment-reply.min6959.js]
[www.liberalalliance.dk/wp-content/themes/jupiter4.4.5/js/scripts-vendors6959.js]
[www.liberalalliance.dk/wp-content/themes/jupiter4.4.5/js/smoothscroll6959.js]
[www.liberalalliance.dk/wp-content/plugins/facebook-conversion-pixel/pixel-cat.min254d.js]
[www.liberalalliance.dk/wp-includes/js/wp-embed.min6959.js]
[www.liberalalliance.dk/wp-content/themes/jupiter4.4.5/js/jquerytransite2dc.js]
[www.liberalalliance.dk/wp-content/plugins/js_composer_theme/assets/js/dist/js_composer_front.mina752.js]
[www.liberalalliance.dk/emne/joachim-b-olsen/index.html]
[connect.facebook.net/en_US/fbevents.js]
[www.liberalalliance.dk/wp-content/plugins/contact-form-7/images/ajax-loader.gif]
[www.liberalalliance.dk/wp-content/plugins/contact-form-7/includes/css/styles5597.css]
[www.liberalalliance.dk/wp-content/plugins/cookie-notice/css/front.min6959.css]
[www.liberalalliance.dk/wp-content/plugins/mailchimp-for-wp/assets/css/checkbox.mincebf.css]
[www.liberalalliance.dk/wp-content/themes/jupiter4.4.5/images/contact-inputs-bg.png]
[www.liberalalliance.dk/wp-content/themes/jupiter4.4.5/images/box-confirm-icon.png]
[www.liberalalliance.dk/wp-content/themes/jupiter4.4.5/images/box-info-icon.png]
[www.liberalalliance.dk/wp-content/themes/jupiter4.4.5/images/box-error-icon.png]
[www.liberalalliance.dk/wp-content/themes/jupiter4.4.5/images/box-warning-icon.png]
[www.liberalalliance.dk/wp-content/themes/jupiter4.4.5/images/shadow-divider.png]
[www.liberalalliance.dk/wp-content/themes/jupiter4.4.5/images/fancy-title-pattern.png]
[www.liberalalliance.dk/wp-content/themes/jupiter4.4.5/images/box-comment-icon.png]
[www.liberalalliance.dk/wp-content/themes/jupiter4.4.5/images/video-mask.png]
[www.liberalalliance.dk/wp-content/themes/jupiter4.4.5/images/fancybox/fancybox_sprite.png]
[www.liberalalliance.dk/wp-content/themes/jupiter4.4.5/images/fancybox/fancybox_loading.gif]
[www.liberalalliance.dk/wp-content/themes/jupiter4.4.5/images/fancybox/blank.gif]
[www.liberalalliance.dk/wp-content/themes/jupiter4.4.5/images/fancybox/fancybox_overlay.png]
[www.liberalalliance.dk/wp-content/themes/jupiter4.4.5/stylesheet/css/theme-styles.min6959.css]
[www.liberalalliance.dk/wp-content/themes/jupiter4.4.5/stylesheet/css/theme-icons.min6959.css]
[www.liberalalliance.dk/wp-content/themes/jupiter4.4.5/style6959.css]
[www.liberalalliance.dk/wp-content/themes/jupiter4.4.5/custom6959.css]
[www.liberalalliance.dk/wp-content/plugins/mailchimp-for-wp/assets/css/form-theme-light.mincebf.css]
[www.liberalalliance.dk/wp-content/plugins/js_composer_theme/assets/vc/alert.png]
[www.liberalalliance.dk/wp-content/plugins/js_composer_theme/assets/vc/info.png]
[www.liberalalliance.dk/wp-content/plugins/js_composer_theme/assets/vc/tick.png]
[www.liberalalliance.dk/wp-content/plugins/js_composer_theme/assets/vc/exclamation.png]
[www.liberalalliance.dk/wp-content/plugins/js_composer_theme/assets/images/icons/address-book.png]
[www.liberalalliance.dk/wp-content/plugins/js_composer_theme/assets/images/icons/alarm-clock.png]
[www.liberalalliance.dk/wp-content/plugins/js_composer_theme/assets/images/icons/anchor.png]
[www.liberalalliance.dk/wp-content/plugins/js_composer_theme/assets/images/icons/application-image.png]
[www.liberalalliance.dk/wp-content/plugins/js_composer_theme/assets/images/icons/arrow.png]
[www.liberalalliance.dk/wp-content/plugins/js_composer_theme/assets/images/icons/asterisk.png]
[www.liberalalliance.dk/wp-content/plugins/js_composer_theme/assets/images/icons/auction-hammer.png]
[www.liberalalliance.dk/wp-content/plugins/js_composer_theme/assets/images/icons/balloon.png]
[www.liberalalliance.dk/wp-content/plugins/js_composer_theme/assets/images/icons/balloon-buzz.png]
[www.liberalalliance.dk/wp-content/plugins/js_composer_theme/assets/images/icons/balloon-facebook.png]
[www.liberalalliance.dk/wp-content/plugins/js_composer_theme/assets/images/icons/balloon-twitter.png]
[www.liberalalliance.dk/wp-content/plugins/js_composer_theme/assets/images/icons/battery-full.png]
[www.liberalalliance.dk/wp-content/plugins/js_composer_theme/assets/images/icons/binocular.png]
[www.liberalalliance.dk/wp-content/plugins/js_composer_theme/assets/images/icons/blue-document-excel.png]
[www.liberalalliance.dk/wp-content/plugins/js_composer_theme/assets/images/icons/blue-document-image.png]
[www.liberalalliance.dk/wp-content/plugins/js_composer_theme/assets/images/icons/blue-document-music.png]
[www.liberalalliance.dk/wp-content/plugins/js_composer_theme/assets/images/icons/blue-document-office.png]
[www.liberalalliance.dk/wp-content/plugins/js_composer_theme/assets/images/icons/blue-document-pdf.png]
[www.liberalalliance.dk/wp-content/plugins/js_composer_theme/assets/images/icons/blue-document-powerpoint.png]
[www.liberalalliance.dk/wp-content/plugins/js_composer_theme/assets/images/icons/blue-document-word.png]
[www.liberalalliance.dk/wp-content/plugins/js_composer_theme/assets/images/icons/bookmark.png]
[www.liberalalliance.dk/wp-content/plugins/js_composer_theme/assets/images/icons/camcorder.png]
[www.liberalalliance.dk/wp-content/plugins/js_composer_theme/assets/images/icons/camera.png]
[www.liberalalliance.dk/wp-content/plugins/js_composer_theme/assets/images/icons/chart.png]
[www.liberalalliance.dk/wp-content/plugins/js_composer_theme/assets/images/icons/chart-pie.png]
[www.liberalalliance.dk/wp-content/plugins/js_composer_theme/assets/images/icons/clock.png]
[www.liberalalliance.dk/wp-content/plugins/js_composer_theme/assets/images/icons/control.png]
[www.liberalalliance.dk/wp-content/plugins/js_composer_theme/assets/images/icons/fire.png]
[www.liberalalliance.dk/wp-content/plugins/js_composer_theme/assets/images/icons/heart.png]
[www.liberalalliance.dk/wp-content/plugins/js_composer_theme/assets/images/icons/mail.png]
[www.liberalalliance.dk/wp-content/plugins/js_composer_theme/assets/images/icons/plus-shield.png]
[www.liberalalliance.dk/wp-content/plugins/js_composer_theme/assets/images/icons/video.png]
[www.liberalalliance.dk/wp-content/plugins/js_composer_theme/assets/images/toggle_open.png]
[www.liberalalliance.dk/wp-content/plugins/js_composer_theme/assets/images/toggle_close.png]
[www.liberalalliance.dk/wp-content/plugins/js_composer_theme/assets/images/flickr.png]
[www.liberalalliance.dk/wp-content/plugins/js_composer_theme/assets/css/js_composer.mina752.css]
[www.googletagmanager.com/gtm5445.html]
[www.liberalalliance.dk/emne/joachim-b-olsen/LiberalAlliance.html]
[www.liberalalliance.dk/frihed/lafrihed3860.html]
[www.liberalalliance.dk/wp-content/themes/jupiter4.4.5/images/pre_code.gif]
[www.liberalalliance.dk/wp-content/themes/jupiter4.4.5/images/selectbox-arrow.png]
[www.liberalalliance.dk/wp-content/themes/jupiter4.4.5/images/jp-volume-control.png]
[www.liberalalliance.dk/wp-content/themes/jupiter4.4.5/stylesheet/css/theme-styles.min-blessed1.css]
[www.liberalalliance.dk/wp-content/themes/jupiter4.4.5/images/jplayer.blue.monday.html]
[www.liberalalliance.dk/wp-content/themes/jupiter4.4.5/images/flexslider-bg-gradient.html]
